hello world
git init
#Initialized empty Git repository in C:/wamp64/www/git_trainning/.git/

$ git remote add origin https://github.com/D0u9l4s/git_trainning.git

$ git remote get-url origin
https://github.com/D0u9l4s/git_trainning.git

$ git config --global user.name "Douglas global"

$ git config user.name
Douglas global

$ git config --local user.email "doug.ag@hotmail.com"

$ git config --local user.name "Douglas"

git config --global alias.hist 'log --pretty=format:"%h %ad | %s%d [%an]" --graph --date=short'

$ git config --help

$ git config -help
usage: git config [<options>]

$ echo "hello world" > hello.txt

$ ls
hello.txt

git init
#Initialized empty Git repository in C:/wamp64/www/git_trainning/.git/

$ git remote add origin https://github.com/D0u9l4s/git_trainning.git

git init
#Initialized empty Git repository in C:/wamp64/www/git_trainning/.git/

$ git remote add origin https://github.com/D0u9l4s/git_trainning.git

$ git remote get-url origin
https://github.com/D0u9l4s/git_trainning.git

$ git config --global user.name "Douglas global"

$ git config user.name
Douglas global

$ git config --local user.email "doug.ag@hotmail.com"

$ git config --local user.name "Douglas"

git config --global alias.hist 'log --pretty=format:"%h %ad | %s%d [%an]" --graph --date=short'

$ git config --help

$ git config -help
usage: git config [<options>]

$ echo "hello world" > hello.txt

$ ls
hello.txt

git init
#Initialized empty Git repository in C:/wamp64/www/git_trainning/.git/

$ git remote add origin https://github.com/D0u9l4s/git_trainning.git

$ git remote get-url origin
https://github.com/D0u9l4s/git_trainning.git

$ git config --global user.name "Douglas global"

$ git config user.name
Douglas global

$ git config --local user.email "doug.ag@hotmail.com"

$ git config --local user.name "Douglas"

git config --global alias.hist 'log --pretty=format:"%h %ad | %s%d [%an]" --graph --date=short'

$ git config --help

$ git config -help
usage: git config [<options>]

$ echo "hello world" > hello.txt

$ ls
hello.txt

$git commit -m "Creating hello.txt"
[master (root-commit) a7fcad8] Creating hello.txt
 1 file changed, 1 insertion(+)
 create mode 100644 hello.txt

$ git hist
* a7fcad8 2022-02-23 | Creating hello.txt (HEAD -> master) [Douglas]

$ git log
commit a7fcad893790429044981463c71c692a5ae85e8f (HEAD -> master)
Author: Douglas <@hotmail.com>
Date:   Wed Feb 23 22:26:49 2022 -0300

    Creating hello.txt



$ git show
commit a7fcad893790429044981463c71c692a5ae85e8f (HEAD -> master)
Author: Douglas <@hotmail.com>
Date:   Wed Feb 23 22:26:49 2022 -0300

    Creating hello.txt

diff --git a/hello.txt b/hello.txt
new file mode 100644
index 0000000..3b18e51
--- /dev/null
+++ b/hello.txt
@@ -0,0 +1 @@
+hello world

$ git push --set-upstream origin master
Enumerating objects: 3, done.
Counting objects: 100% (3/3), done.
Writing objects: 100% (3/3), 225 bytes | 225.00 KiB/s, done.
Total 3 (delta 0), reused 0 (delta 0), pack-reused 0
To https://github.com/D0u9l4s/git_trainning.git
 * [new branch]      master -> master
Branch 'master' set up to track remote branch 'master' from 'origin'.

douga@DEV MINGW64 /c/wamp64/www/git_trainning (master)
$ git hist
* 4ab098a 2022-02-23 | Alter hello.txt (HEAD -> master, origin/master) [Douglas]
* a7fcad8 2022-02-23 | Creating hello.txt [Douglas]

douga@DEV MINGW64 /c/wamp64/www/git_trainning (master)
$ git cat-file -t a7fcad8
commit

douga@DEV MINGW64 /c/wamp64/www/git_trainning (master)
$ git cat-file -p a7fcad8
tree 68aba62e560c0ebc3396e8ae9335232cd93a3f60
author Douglas <doug.ag@hotmail.com> 1645666009 -0300
committer Douglas <doug.ag@hotmail.com> 1645666009 -0300

Creating hello.txt

douga@DEV MINGW64 /c/wamp64/www/git_trainning (master)
$

douga@DEV MINGW64 /c/wamp64/www/git_trainning (master)
$ git cat-file -t 68aba62
tree

douga@DEV MINGW64 /c/wamp64/www/git_trainning (master)
$
